== "Hello @alice, see ~bob's post."
"<p>Hello <a href=\"https://example.test/~alice\">@alice</a>, see <a href=\"https://example.test/~bob\">~bob</a>'s post.</p>\n"
"<p>Hello @alice, see ~bob's post.</p>\n"
== "no mentions here"
"<p>no mentions here</p>\n"
"<p>no mentions here</p>\n"
== "@first and a [link to @notme](http://x.test) then @last"
"<p><a href=\"https://example.test/~first\">@first</a> and a <a href=\"http://x.test\">link to @notme</a> then <a href=\"https://example.test/~last\">@last</a></p>\n"
"<p>@first and a link to @notme then @last</p>\n"
== "*emph @inside* and **strong** text"
"<p><em>emph <a href=\"https://example.test/~inside\">@inside</a></em> and <strong>strong</strong> text</p>\n"
"<p>emph @inside and strong text</p>\n"
== "A paragraph.\n\nAnother with @carol\nand a soft break."
"<p>A paragraph.</p>\n<p>Another with <a href=\"https://example.test/~carol\">@carol</a>\nand a soft break.</p>\n"
"<p>A paragraph.</p>\n<p>Another with @carol\nand a soft break.</p>\n"
== "Quote:\n\n> @dave said *so*"
"<p>Quote:</p>\n<blockquote>\n<p><a href=\"https://example.test/~dave\">@dave</a> said <em>so</em></p>\n</blockquote>\n"
"<p>Quote:</p>\n<blockquote>\n<p>@dave said so</p>\n</blockquote>\n"
== "Raw <b>html</b> & entities &amp; \"quotes\""
"<p>Raw &lt;b&gt;html&lt;/b&gt; &amp; entities &amp; &quot;quotes&quot;</p>\n"
"<p>Raw &lt;b&gt;html&lt;/b&gt; &amp; entities &amp; &quot;quotes&quot;</p>\n"
== "<div>\nblock html @ignored\n</div>\n\nafter"
"&lt;div&gt;\nblock html @ignored\n&lt;/div&gt;\n<p>after</p>\n"
"&lt;div&gt;\nblock html @ignored\n&lt;/div&gt;\n<p>after</p>\n"
== "~~struck~~ www.example.com and https://example.org/x?y=1"
"<p><del>struck</del> <a href=\"http://www.example.com\">www.example.com</a> and <a href=\"https://example.org/x?y=1\">https://example.org/x?y=1</a></p>\n"
"<p>struck www.example.com and https://example.org/x?y=1</p>\n"
== "`code @notuser` and ```\nfenced @no\n```"
"<p><code>code @notuser</code> and ```\nfenced <a href=\"https://example.test/~no\">@no</a></p>\n<pre><code></code></pre>\n"
"<p><code>code @notuser</code> and ```\nfenced @no</p>\n<pre><code></code></pre>\n"
== "![alt text](http://img.test/a.png \"title\") [plain](http://l.test)"
"<p><img src=\"http://img.test/a.png\" alt=\"alt text\" title=\"title\" /> <a href=\"http://l.test\">plain</a></p>\n"
"<p>alt text plain</p>\n"
== "- one *a*\n- two **b**\n\n1. first\n2. second"
"<ul>\n<li>one <em>a</em></li>\n<li>two <strong>b</strong></li>\n</ul>\n<ol>\n<li>first</li>\n<li>second</li>\n</ol>\n"
"<ul>\n<li>one a</li>\n<li>two b</li>\n</ul>\n<ol>\n<li>first</li>\n<li>second</li>\n</ol>\n"
== "# Heading @h\n\nbody"
"<h1>Heading <a href=\"https://example.test/~h\">@h</a></h1>\n<p>body</p>\n"
"<h1>Heading @h</h1>\n<p>body</p>\n"
== ""
""
""
