== "a <a href=\"x&y\" title='q'>l</a> b"
"<p>a &lt;a href=&quot;x&amp;y&quot; title='q'&gt;l&lt;/a&gt; b</p>\n"
"<p>a <a href=\"x&y\" title='q'>l</a> b</p>\n"
== "<div class=\"c\">\n</div>"
"&lt;div class=&quot;c&quot;&gt;\n&lt;/div&gt;\n"
"<div class=\"c\">\n</div>\n"
== "x <!-- raw HTML omitted --> y"
"<p>x &lt;!-- raw HTML omitted --&gt; y</p>\n"
"<p>x <!-- raw HTML omitted --> y</p>\n"
== "<b>one</b><i>two</i>"
"<p>&lt;b&gt;one&lt;/b&gt;&lt;i&gt;two&lt;/i&gt;</p>\n"
"<p><b>one</b><i>two</i></p>\n"
== "[j](javascript:alert(1))"
"<p><a href=\"\">j</a></p>\n"
"<p><a href=\"javascript:alert(1)\">j</a></p>\n"
== "```ruby\nx = 1\n```\n\n    indented\n"
"<pre lang=\"ruby\"><code>x = 1\n</code></pre>\n<pre><code>indented\n</code></pre>\n"
"<pre lang=\"ruby\"><code>x = 1\n</code></pre>\n<pre><code>indented\n</code></pre>\n"
== "line1  \nline2\nline3"
"<p>line1<br />\nline2\nline3</p>\n"
"<p>line1<br />\nline2<br />\nline3</p>\n"
== "- [ ] todo\n- [x] done"
"<ul>\n<li><input type=\"checkbox\" disabled=\"\" /> todo</li>\n<li><input type=\"checkbox\" checked=\"\" disabled=\"\" /> done</li>\n</ul>\n"
"<ul>\n<li><input type=\"checkbox\" disabled=\"\" /> todo</li>\n<li><input type=\"checkbox\" checked=\"\" disabled=\"\" /> done</li>\n</ul>\n"
== "|a|b|\n|-|-|\n|1|2|"
"<table>\n<thead>\n<tr>\n<th>a</th>\n<th>b</th>\n</tr>\n</thead>\n<tbody>\n<tr>\n<td>1</td>\n<td>2</td>\n</tr>\n</tbody>\n</table>\n"
"<table>\n<thead>\n<tr>\n<th>a</th>\n<th>b</th>\n</tr>\n</thead>\n<tbody>\n<tr>\n<td>1</td>\n<td>2</td>\n</tr>\n</tbody>\n</table>\n"
== "~one~ ~~two~~"
"<p><del>one</del> <del>two</del></p>\n"
"<p><del>one</del> <del>two</del></p>\n"
== "&copy; &#65; \\*lit\\*"
"<p>© A *lit*</p>\n"
"<p>© A *lit*</p>\n"
== "<script>alert(1)</script>\n\n<p>ok</p>"
"&lt;script&gt;alert(1)&lt;/script&gt;\n&lt;p&gt;ok&lt;/p&gt;\n"
"&lt;script>alert(1)&lt;/script>\n<p>ok</p>\n"
[:document, :heading, :text, :paragraph, :text, :emph, :text, :text, :strong, :text, :text, :code, :text, :link, :text, :text, :image, :text, :list, :item, :paragraph, :text, :block_quote, :paragraph, :text]
